<!DOCTYPE html>\n
<div>\n
    <div class="first">\n
        first\n
    </div>\n\n
    <div class="middle"></div>\n\n
    <div class="last">\n
        last\n
        <b>\n
            line\n
        </b>\n
    </div>\n
</div>
