<body>
  <h1>head 1</h1>

  <h2>button</h2>

  <button class="btn btn-lg btn-outline btn-white">Анализировать 1</button>
</body>